// Jest Snapshot v1, https://goo.gl/fbAQLP

exports[`Banner snapshot 1`] = `
<div
  className=""
>
  <div>
    <div>
      title
    </div>
    <div>
      subTitle
    </div>
  </div>
  <Hidden
    only="xs"
  >
    <img
      alt="Big Banner"
      data-testid="lgBannerImage"
      src="url"
    />
  </Hidden>
  <Hidden
    only={
      Array [
        "lg",
        "md",
        "sm",
      ]
    }
  >
    <img
      alt="Small Banner"
      data-testid="xsBannerImage"
      src="xsUrl"
    />
  </Hidden>
</div>
`;
