// Jest Snapshot v1, https://goo.gl/fbAQLP

exports[`ItemDetailDialog Snapshot has item 1`] = `
<Dialog
  classes={
    Object {
      "paper": Object {
        "maxWidth": 1100,
      },
    }
  }
  onClose={[MockFunction]}
  open={true}
>
  <DialogContent
    className={
      Object {
        "padding": 40,
      }
    }
  >
    <IconButton
      className={
        Object {
          "height": 30,
          "left": "98%",
          "position": "relative",
          "top": -10,
          "width": 30,
        }
      }
      onClick={[MockFunction]}
    >
      <Close
        className={
          Object {
            "height": 20,
            "width": 20,
          }
        }
      />
    </IconButton>
    <div
      className="flexBox"
    >
      <Avatar
        className="avatar"
        src="photo"
      />
      <div
        className="description"
      >
        <Typography
          className="title"
          color="primary"
        />
        <Typography
          color="textSecondary"
        />
        <PriceItem
          flexEnd={true}
          item={
            Object {
              "photo": "photo",
              "recipes": "recipes",
            }
          }
        />
      </div>
    </div>
    <RecipePanel
      recipes="recipes"
    />
    <div
      className={
        Object {
          "marginTop": 50,
          "textAlign": "right",
        }
      }
    >
      <Button
        aria-label="Close the detail page"
        color="primary"
        onClick={[MockFunction]}
        size="small"
        variant="contained"
      >
        Close
      </Button>
    </div>
  </DialogContent>
</Dialog>
`;

exports[`ItemDetailDialog Snapshot no item 1`] = `
<Dialog
  classes={
    Object {
      "paper": Object {
        "maxWidth": 1100,
      },
    }
  }
  onClose={[MockFunction]}
  open={true}
>
  <DialogContent
    className={
      Object {
        "padding": 40,
      }
    }
  />
</Dialog>
`;
