// Jest Snapshot v1, https://goo.gl/fbAQLP

exports[`MenuItem Snapshot 1`] = `
<div
  className="menuItem"
>
  <img
    alt="items"
    className="avatar lazyImage"
    data-src="photo"
    onClick={[Function]}
    src="https://res.cloudinary.com/orderstaker/image/upload/v1536616770/others/PlaceHolder.png"
  />
  <Typography
    className="menuName"
    color="primary"
    onClick={[Function]}
  >
    name
  </Typography>
  <PriceItem
    item={
      Object {
        "name": "name",
        "photo": "photo",
      }
    }
  />
</div>
`;
