// Jest Snapshot v1, https://goo.gl/fbAQLP

exports[`OrderList Snapshot 1`] = `
Array [
  <div
    className="root"
  >
    <div
      className="titleDiv"
    >
      <div
        className="flexDiv"
      >
        <Typography
          className="boldFont"
          color="primary"
          variant="headline"
        >
          Appetizer
        </Typography>
        <div>
            ×  
          5
        </div>
      </div>
      <div>
        <Typography
          className="boldFont"
          color="textSecondary"
          variant="subheading"
        >
          $ 
          32.75
        </Typography>
      </div>
    </div>
    <div>
      <hr
        className="line"
      />
    </div>
    <OrderItem
      item={1}
    />
    <OrderItem
      item={2}
    />
    <OrderItem
      item={3}
    />
    <OrderItem
      item={4}
    />
  </div>,
  <div
    className="root"
  >
    <div
      className="titleDiv"
    >
      <div
        className="flexDiv"
      >
        <Typography
          className="boldFont"
          color="primary"
          variant="headline"
        >
          Soup
        </Typography>
        <div>
            ×  
          1
        </div>
      </div>
      <div>
        <Typography
          className="boldFont"
          color="textSecondary"
          variant="subheading"
        >
          $ 
          8.25
        </Typography>
      </div>
    </div>
    <div>
      <hr
        className="line"
      />
    </div>
    <OrderItem
      item={5}
    />
  </div>,
]
`;
