// Jest Snapshot v1, https://goo.gl/fbAQLP

exports[`OrderItem Snapshot with orders matching 1`] = `
<div
  className="root"
>
  <Avatar
    className="avatar"
    onClick={[Function]}
    src="photo"
  />
  <div>
    <Typography
      className="itemTitle"
      color="primary"
      variant="subheading"
    />
    <div
      className="priceDiv"
    >
      <div
        className="priceNumberDiv"
      >
        <Typography
          className="priceKeyWord"
          color="primary"
        >
          small
        </Typography>
        <Typography
          className="priceKeyWord"
          color="textSecondary"
        >
          $
          2.33
        </Typography>
        <IconButton
          className="iconButton"
          onClick={[Function]}
        >
          <AddCircle
            className="icon"
            color="primary"
          />
        </IconButton>
        <Typography
          color="textSecondary"
        >
          2
        </Typography>
        <IconButton
          className="iconButton"
          onClick={[Function]}
        >
          <RemoveCircle
            className="icon"
            color="primary"
          />
        </IconButton>
      </div>
      <div
        className="priceNumberDiv"
      >
        <Typography
          className="priceKeyWord"
          color="primary"
        >
          big
        </Typography>
        <Typography
          className="priceKeyWord"
          color="textSecondary"
        >
          $
          3.55
        </Typography>
        <IconButton
          className="iconButton"
          onClick={[Function]}
        >
          <AddCircle
            className="icon"
            color="primary"
          />
        </IconButton>
        <Typography
          color="textSecondary"
        >
          0
        </Typography>
        <IconButton
          className="iconButton"
          onClick={[Function]}
        >
          <RemoveCircle
            className="icon"
            color="primary"
          />
        </IconButton>
      </div>
      <div
        className="priceNumberDiv"
      >
        <Typography
          className="priceKeyWord"
          color="primary"
        >
          
        </Typography>
        <Typography
          className="priceKeyWord"
          color="textSecondary"
        >
          $
          1.22
        </Typography>
        <IconButton
          className="iconButton"
          onClick={[Function]}
        >
          <AddCircle
            className="icon"
            color="primary"
          />
        </IconButton>
        <Typography
          color="textSecondary"
        >
          0
        </Typography>
        <IconButton
          className="iconButton"
          onClick={[Function]}
        >
          <RemoveCircle
            className="icon"
            color="primary"
          />
        </IconButton>
      </div>
    </div>
  </div>
</div>
`;

exports[`OrderItem Snapshot without orders matching 1`] = `
<div
  className="root"
>
  <Avatar
    className="avatar"
    onClick={[Function]}
    src="photo"
  />
  <div>
    <Typography
      className="itemTitle"
      color="primary"
      variant="subheading"
    />
    <div
      className="priceDiv"
    >
      <div
        className="priceNumberDiv"
      >
        <Typography
          className="priceKeyWord"
          color="primary"
        >
          small
        </Typography>
        <Typography
          className="priceKeyWord"
          color="textSecondary"
        >
          $
          2.33
        </Typography>
        <IconButton
          className="iconButton"
          onClick={[Function]}
        >
          <AddCircle
            className="icon"
            color="primary"
          />
        </IconButton>
        <Typography
          color="textSecondary"
        >
          0
        </Typography>
        <IconButton
          className="iconButton"
          onClick={[Function]}
        >
          <RemoveCircle
            className="icon"
            color="primary"
          />
        </IconButton>
      </div>
      <div
        className="priceNumberDiv"
      >
        <Typography
          className="priceKeyWord"
          color="primary"
        >
          big
        </Typography>
        <Typography
          className="priceKeyWord"
          color="textSecondary"
        >
          $
          3.55
        </Typography>
        <IconButton
          className="iconButton"
          onClick={[Function]}
        >
          <AddCircle
            className="icon"
            color="primary"
          />
        </IconButton>
        <Typography
          color="textSecondary"
        >
          0
        </Typography>
        <IconButton
          className="iconButton"
          onClick={[Function]}
        >
          <RemoveCircle
            className="icon"
            color="primary"
          />
        </IconButton>
      </div>
      <div
        className="priceNumberDiv"
      >
        <Typography
          className="priceKeyWord"
          color="primary"
        >
          
        </Typography>
        <Typography
          className="priceKeyWord"
          color="textSecondary"
        >
          $
          1.22
        </Typography>
        <IconButton
          className="iconButton"
          onClick={[Function]}
        >
          <AddCircle
            className="icon"
            color="primary"
          />
        </IconButton>
        <Typography
          color="textSecondary"
        >
          0
        </Typography>
        <IconButton
          className="iconButton"
          onClick={[Function]}
        >
          <RemoveCircle
            className="icon"
            color="primary"
          />
        </IconButton>
      </div>
    </div>
  </div>
</div>
`;
