// Jest Snapshot v1, https://goo.gl/fbAQLP

exports[`OrderList Snapshot 1`] = `
Array [
  <div
    className="root"
  >
    <div
      className="titleDiv"
    >
      <div
        className="flexDiv"
      >
        <Typography
          className="boldFont"
          color="primary"
          variant="headline"
        >
          Appetizer
        </Typography>
        <div>
            ×  
          5
        </div>
      </div>
      <div>
        <Typography
          className="boldFont"
          color="textSecondary"
          variant="subheading"
        >
          $ 
          32.75
        </Typography>
      </div>
    </div>
    <div>
      <hr
        className="line"
      />
    </div>
    <OrderItem
      isHistoryOrder={false}
      itemId="5b1c64d54345b11970bb124f"
      orderItems={Object {}}
    />
    <OrderItem
      isHistoryOrder={false}
      itemId="5b1c64d54345b11970bb126d"
      orderItems={Object {}}
    />
    <OrderItem
      isHistoryOrder={false}
      itemId="5b1c64d54345b11970bb123d"
      orderItems={Object {}}
    />
    <OrderItem
      isHistoryOrder={false}
      itemId="5b1c64d54345b11970bb123a"
      orderItems={Object {}}
    />
  </div>,
  <div
    className="root"
  >
    <div
      className="titleDiv"
    >
      <div
        className="flexDiv"
      >
        <Typography
          className="boldFont"
          color="primary"
          variant="headline"
        >
          Soup
        </Typography>
        <div>
            ×  
          1
        </div>
      </div>
      <div>
        <Typography
          className="boldFont"
          color="textSecondary"
          variant="subheading"
        >
          $ 
          8.25
        </Typography>
      </div>
    </div>
    <div>
      <hr
        className="line"
      />
    </div>
    <OrderItem
      isHistoryOrder={false}
      itemId="5b1c6d634345b11970bb1250"
      orderItems={Object {}}
    />
  </div>,
]
`;
