// Jest Snapshot v1, https://goo.gl/fbAQLP

exports[`CheckCircleIconSnackbar Snapshot 1`] = `
<Snackbar
  ContentProps={
    Object {
      "aria-describedby": "message-id",
    }
  }
  anchorOrigin={
    Object {
      "horizontal": "center",
      "vertical": "bottom",
    }
  }
  autoHideDuration={2000}
  onClose={[MockFunction]}
  open={true}
>
  <SnackbarContent
    className="snackbarContent"
    message={
      <span
        className="messageSpan"
        id="message-id"
      >
        <CheckCircle />
        <span
          className="message"
        >
          message
        </span>
      </span>
    }
  />
</Snackbar>
`;
